[debug] [2026-04-25T01:36:02.267Z] ----------------------------------------------------------------------
[debug] [2026-04-25T01:36:02.269Z] Command:       /home/server/.nvm/versions/node/v22.22.2/bin/node /usr/local/bin/firebase deploy --only hosting
[debug] [2026-04-25T01:36:02.269Z] CLI Version:   14.25.0
[debug] [2026-04-25T01:36:02.269Z] Platform:      linux
[debug] [2026-04-25T01:36:02.269Z] Node Version:  v22.22.2
[debug] [2026-04-25T01:36:02.269Z] Time:          Sat Apr 25 2026 08:36:02 GMT+0700 (Western Indonesia Time)
[debug] [2026-04-25T01:36:02.269Z] ----------------------------------------------------------------------
[debug] 
[debug] [2026-04-25T01:36:02.399Z] Object "/hosting/frameworksBackend" in "firebase.json" has unknown property: {"additionalProperty":"runtime"}
[debug] [2026-04-25T01:36:02.399Z] Field "/hosting" in "firebase.json" is possibly invalid: must be array
[debug] [2026-04-25T01:36:02.399Z] Field "/hosting" in "firebase.json" is possibly invalid: must match a schema in anyOf
[debug] [2026-04-25T01:36:02.401Z] > command requires scopes: ["email","openid","https://www.googleapis.com/auth/cloudplatformprojects.readonly","https://www.googleapis.com/auth/firebase","https://www.googleapis.com/auth/cloud-platform"]
[debug] [2026-04-25T01:36:02.402Z] > authorizing via signed-in user (patrabq.group@gmail.com)
[debug] [2026-04-25T01:36:02.402Z] [iam] checking project quranan-qu for permissions ["firebase.projects.get","firebasehosting.sites.update"]
[debug] [2026-04-25T01:36:02.402Z] Checked if tokens are valid: true, expires at: 1777083209979
[debug] [2026-04-25T01:36:02.402Z] Checked if tokens are valid: true, expires at: 1777083209979
[debug] [2026-04-25T01:36:02.403Z] >>> [apiv2][query] POST https://cloudresourcemanager.googleapis.com/v1/projects/quranan-qu:testIamPermissions [none]
[debug] [2026-04-25T01:36:02.403Z] >>> [apiv2][(partial)header] POST https://cloudresourcemanager.googleapis.com/v1/projects/quranan-qu:testIamPermissions x-goog-quota-user=projects/quranan-qu
[debug] [2026-04-25T01:36:02.403Z] >>> [apiv2][body] POST https://cloudresourcemanager.googleapis.com/v1/projects/quranan-qu:testIamPermissions {"permissions":["firebase.projects.get","firebasehosting.sites.update"]}
[debug] [2026-04-25T01:36:03.663Z] <<< [apiv2][status] POST https://cloudresourcemanager.googleapis.com/v1/projects/quranan-qu:testIamPermissions 200
[debug] [2026-04-25T01:36:03.663Z] <<< [apiv2][body] POST https://cloudresourcemanager.googleapis.com/v1/projects/quranan-qu:testIamPermissions {"permissions":["firebase.projects.get","firebasehosting.sites.update"]}
[debug] [2026-04-25T01:36:03.663Z] Checked if tokens are valid: true, expires at: 1777083209979
[debug] [2026-04-25T01:36:03.663Z] Checked if tokens are valid: true, expires at: 1777083209979
[debug] [2026-04-25T01:36:03.664Z] >>> [apiv2][query] GET https://firebase.googleapis.com/v1beta1/projects/quranan-qu [none]
[debug] [2026-04-25T01:36:04.376Z] <<< [apiv2][status] GET https://firebase.googleapis.com/v1beta1/projects/quranan-qu 200
[debug] [2026-04-25T01:36:04.376Z] <<< [apiv2][body] GET https://firebase.googleapis.com/v1beta1/projects/quranan-qu {"projectId":"quranan-qu","projectNumber":"679597523622","displayName":"quranan-qu","name":"projects/quranan-qu","resources":{"hostingSite":"quranan-qu"},"state":"ACTIVE","etag":"1_d7970969-f94c-4b46-92eb-0f7b17dd7d44"}
[debug] [2026-04-25T01:36:05.079Z] Checked if tokens are valid: true, expires at: 1777083209979
[debug] [2026-04-25T01:36:05.079Z] Checked if tokens are valid: true, expires at: 1777083209979
[debug] [2026-04-25T01:36:05.079Z] >>> [apiv2][query] GET https://firebasehosting.googleapis.com/v1beta1/projects/quranan-qu/sites pageToken=&pageSize=10
[debug] [2026-04-25T01:36:06.116Z] <<< [apiv2][status] GET https://firebasehosting.googleapis.com/v1beta1/projects/quranan-qu/sites 200
[debug] [2026-04-25T01:36:06.117Z] <<< [apiv2][body] GET https://firebasehosting.googleapis.com/v1beta1/projects/quranan-qu/sites {"sites":[{"name":"projects/quranan-qu/sites/quranan-qu","defaultUrl":"https://quranan-qu.web.app","appId":"1:679597523622:web:ff746071a704501355aa67","type":"DEFAULT_SITE"}]}
[debug] [2026-04-25T01:36:06.117Z] Checked if tokens are valid: true, expires at: 1777083209979
[debug] [2026-04-25T01:36:06.117Z] Checked if tokens are valid: true, expires at: 1777083209979
[debug] [2026-04-25T01:36:06.117Z] >>> [apiv2][query] GET https://firebase.googleapis.com/v1beta1/projects/-/webApps/1:679597523622:web:ff746071a704501355aa67/config [none]
[debug] [2026-04-25T01:36:07.282Z] <<< [apiv2][status] GET https://firebase.googleapis.com/v1beta1/projects/-/webApps/1:679597523622:web:ff746071a704501355aa67/config 200
[debug] [2026-04-25T01:36:07.282Z] <<< [apiv2][body] GET https://firebase.googleapis.com/v1beta1/projects/-/webApps/1:679597523622:web:ff746071a704501355aa67/config {"projectId":"quranan-qu","appId":"1:679597523622:web:ff746071a704501355aa67","storageBucket":"quranan-qu.firebasestorage.app","apiKey":"AIzaSyDb25hksl_CYu-34bFK6xduDnVuS9kXOMA","authDomain":"quranan-qu.firebaseapp.com","messagingSenderId":"679597523622","measurementId":"G-KE29BYXHXH","projectNumber":"679597523622","version":"2"}
[info] 
   Thank you for trying our early preview of Next.js support on Firebase Hosting.
   During the preview, support is best-effort and breaking changes can be expected. Proceed with caution.
   The integration is known to work with Next.js version 12 - 15.0. You may encounter errors.

   Documentation: https://firebase.google.com/docs/hosting/frameworks/nextjs
   File a bug: https://github.com/firebase/firebase-tools/issues/new?template=bug_report.md
   Submit a feature request: https://github.com/firebase/firebase-tools/issues/new?template=feature_request.md

   We'd love to learn from you. Express your interest in helping us shape the future of Firebase Hosting: https://goo.gle/41enW5X

[debug] [2026-04-25T01:36:08.847Z] Checked if tokens are valid: true, expires at: 1777083209979
[debug] [2026-04-25T01:36:08.847Z] Checked if tokens are valid: true, expires at: 1777083209979
[debug] [2026-04-25T01:36:08.847Z] >>> [apiv2][query] GET https://firebasehosting.googleapis.com/v1beta1/projects/quranan-qu/sites/quranan-qu [none]
[debug] [2026-04-25T01:36:09.416Z] <<< [apiv2][status] GET https://firebasehosting.googleapis.com/v1beta1/projects/quranan-qu/sites/quranan-qu 200
[debug] [2026-04-25T01:36:09.416Z] <<< [apiv2][body] GET https://firebasehosting.googleapis.com/v1beta1/projects/quranan-qu/sites/quranan-qu {"name":"projects/quranan-qu/sites/quranan-qu","defaultUrl":"https://quranan-qu.web.app","appId":"1:679597523622:web:ff746071a704501355aa67","type":"DEFAULT_SITE"}
[info] ▲ Next.js 16.2.4 (Turbopack)

[info] 

[info]   Creating an optimized production build ...

[info] ✓ Compiled successfully in 2.4s

[info]   Running TypeScript ...

[info]   Finished TypeScript in 2.9s ...

[info]   Collecting page data using 11 workers ...

[info]   Generating static pages using 11 workers (0/15) ...

[info]   Generating static pages using 11 workers (3/15) 

[info]   Generating static pages using 11 workers (7/15) 

[info]   Generating static pages using 11 workers (11/15) 

[info] ✓ Generating static pages using 11 workers (15/15) in 371ms

[info]   Finalizing page optimization ...

[info] 

[info] Route (app)              Revalidate  Expire
┌ ○ /
├ ○ /_not-found
├ ○ /asmaul-husna
├ ○ /doa
├ ○ /donasi
├ ○ /login
├ ○ /profile
├ ○ /profile/bantuan
├ ○ /profile/notifikasi
├ ○ /profile/settings
├ ○ /quran
├ ƒ /quran/[nomor]
├ ○ /sholat                      1h      1y
└ ○ /yayasan


○  (Static)   prerendered as static content
ƒ  (Dynamic)  server-rendered on demand


[info] Building a Cloud Function to run this application. This is needed due to:
[info]  • Image Optimization
[info]  • use of revalidate /sholat
[info]  • non-static component /(quran)/quran/[nomor]/page
[info] 
[debug] [2026-04-25T01:36:16.409Z] skipping /sholat due to revalidate
[debug] [2026-04-25T01:36:16.482Z] Checked if tokens are valid: true, expires at: 1777083209979
[debug] [2026-04-25T01:36:16.482Z] Checked if tokens are valid: true, expires at: 1777083209979
[debug] [2026-04-25T01:36:16.482Z] >>> [apiv2][query] GET https://firebasehosting.googleapis.com/v1beta1/projects/quranan-qu/sites/quranan-qu [none]
[debug] [2026-04-25T01:36:17.256Z] <<< [apiv2][status] GET https://firebasehosting.googleapis.com/v1beta1/projects/quranan-qu/sites/quranan-qu 200
[debug] [2026-04-25T01:36:17.256Z] <<< [apiv2][body] GET https://firebasehosting.googleapis.com/v1beta1/projects/quranan-qu/sites/quranan-qu {"name":"projects/quranan-qu/sites/quranan-qu","defaultUrl":"https://quranan-qu.web.app","appId":"1:679597523622:web:ff746071a704501355aa67","type":"DEFAULT_SITE"}
[warn] ⚠  This integration expects Node version 16, 18, or 20. You're running version 22, problems may be encountered. 
[debug] [2026-04-25T01:36:29.979Z] [web frameworks] effective firebase.json:  {
  "hosting": [
    {
      "source": ".",
      "ignore": [
        "firebase.json",
        "**/.*",
        "**/node_modules/**"
      ],
      "frameworksBackend": {
        "region": "us-central1",
        "runtime": "nodejs22"
      },
      "site": "quranan-qu",
      "rewrites": [
        {
          "source": "/**",
          "function": {
            "functionId": "ssrqurananqu",
            "region": "us-central1",
            "pinTag": true
          }
        }
      ],
      "redirects": [],
      "headers": [
        {
          "source": "/_global-error",
          "headers": [
            {
              "key": "x-nextjs-stale-time",
              "value": "300"
            },
            {
              "key": "x-nextjs-prerender",
              "value": "1"
            },
            {
              "key": "x-next-cache-tags",
              "value": "_N_T_/layout,_N_T_/_global-error/layout,_N_T_/_global-error/page,_N_T_/_global-error"
            }
          ]
        },
        {
          "source": "/asmaul-husna",
          "headers": [
            {
              "key": "x-nextjs-stale-time",
              "value": "300"
            },
            {
              "key": "x-nextjs-prerender",
              "value": "1"
            },
            {
              "key": "x-next-cache-tags",
              "value": "_N_T_/layout,_N_T_/asmaul-husna/layout,_N_T_/asmaul-husna/page,_N_T_/asmaul-husna"
            }
          ]
        },
        {
          "source": "/_not-found",
          "headers": [
            {
              "key": "x-nextjs-stale-time",
              "value": "300"
            },
            {
              "key": "x-nextjs-prerender",
              "value": "1"
            },
            {
              "key": "x-next-cache-tags",
              "value": "_N_T_/layout,_N_T_/_not-found/layout,_N_T_/_not-found/page,_N_T_/_not-found"
            }
          ]
        },
        {
          "source": "/donasi",
          "headers": [
            {
              "key": "x-nextjs-stale-time",
              "value": "300"
            },
            {
              "key": "x-nextjs-prerender",
              "value": "1"
            },
            {
              "key": "x-next-cache-tags",
              "value": "_N_T_/layout,_N_T_/donasi/layout,_N_T_/donasi/page,_N_T_/donasi"
            }
          ]
        },
        {
          "source": "/login",
          "headers": [
            {
              "key": "x-nextjs-stale-time",
              "value": "300"
            },
            {
              "key": "x-nextjs-prerender",
              "value": "1"
            },
            {
              "key": "x-next-cache-tags",
              "value": "_N_T_/layout,_N_T_/login/layout,_N_T_/login/page,_N_T_/login"
            }
          ]
        },
        {
          "source": "/favicon.ico",
          "headers": [
            {
              "key": "cache-control",
              "value": "public, max-age=0, must-revalidate"
            },
            {
              "key": "content-type",
              "value": "image/x-icon"
            },
            {
              "key": "x-next-cache-tags",
              "value": "_N_T_/layout,_N_T_/favicon.ico/layout,_N_T_/favicon.ico/route,_N_T_/favicon.ico"
            }
          ]
        },
        {
          "source": "/doa",
          "headers": [
            {
              "key": "x-nextjs-stale-time",
              "value": "300"
            },
            {
              "key": "x-nextjs-prerender",
              "value": "1"
            },
            {
              "key": "x-next-cache-tags",
              "value": "_N_T_/layout,_N_T_/doa/layout,_N_T_/doa/page,_N_T_/doa"
            }
          ]
        },
        {
          "source": "/profile/bantuan",
          "headers": [
            {
              "key": "x-nextjs-stale-time",
              "value": "300"
            },
            {
              "key": "x-nextjs-prerender",
              "value": "1"
            },
            {
              "key": "x-next-cache-tags",
              "value": "_N_T_/layout,_N_T_/profile/layout,_N_T_/profile/bantuan/layout,_N_T_/profile/bantuan/page,_N_T_/profile/bantuan"
            }
          ]
        },
        {
          "source": "/profile/notifikasi",
          "headers": [
            {
              "key": "x-nextjs-stale-time",
              "value": "300"
            },
            {
              "key": "x-nextjs-prerender",
              "value": "1"
            },
            {
              "key": "x-next-cache-tags",
              "value": "_N_T_/layout,_N_T_/profile/layout,_N_T_/profile/notifikasi/layout,_N_T_/profile/notifikasi/page,_N_T_/profile/notifikasi"
            }
          ]
        },
        {
          "source": "/profile",
          "headers": [
            {
              "key": "x-nextjs-stale-time",
              "value": "300"
            },
            {
              "key": "x-nextjs-prerender",
              "value": "1"
            },
            {
              "key": "x-next-cache-tags",
              "value": "_N_T_/layout,_N_T_/profile/layout,_N_T_/profile/page,_N_T_/profile"
            }
          ]
        },
        {
          "source": "/profile/settings",
          "headers": [
            {
              "key": "x-nextjs-stale-time",
              "value": "300"
            },
            {
              "key": "x-nextjs-prerender",
              "value": "1"
            },
            {
              "key": "x-next-cache-tags",
              "value": "_N_T_/layout,_N_T_/profile/layout,_N_T_/profile/settings/layout,_N_T_/profile/settings/page,_N_T_/profile/settings"
            }
          ]
        },
        {
          "source": "/sholat",
          "headers": [
            {
              "key": "x-nextjs-stale-time",
              "value": "300"
            },
            {
              "key": "x-nextjs-prerender",
              "value": "1"
            },
            {
              "key": "x-next-cache-tags",
              "value": "_N_T_/layout,_N_T_/sholat/layout,_N_T_/sholat/page,_N_T_/sholat"
            }
          ]
        },
        {
          "source": "/yayasan",
          "headers": [
            {
              "key": "x-nextjs-stale-time",
              "value": "300"
            },
            {
              "key": "x-nextjs-prerender",
              "value": "1"
            },
            {
              "key": "x-next-cache-tags",
              "value": "_N_T_/layout,_N_T_/yayasan/layout,_N_T_/yayasan/page,_N_T_/yayasan"
            }
          ]
        },
        {
          "source": "/**/*.[jt]s",
          "headers": [
            {
              "key": "Set-Cookie",
              "value": "__FIREBASE_DEFAULTS__=eyJjb25maWciOnsicHJvamVjdElkIjoicXVyYW5hbi1xdSIsImFwcElkIjoiMTo2Nzk1OTc1MjM2MjI6d2ViOmZmNzQ2MDcxYTcwNDUwMTM1NWFhNjciLCJzdG9yYWdlQnVja2V0IjoicXVyYW5hbi1xdS5maXJlYmFzZXN0b3JhZ2UuYXBwIiwiYXBpS2V5IjoiQUl6YVN5RGIyNWhrc2xfQ1l1LTM0YkZLNnhkdURuVnVTOWtYT01BIiwiYXV0aERvbWFpbiI6InF1cmFuYW4tcXUuZmlyZWJhc2VhcHAuY29tIiwibWVzc2FnaW5nU2VuZGVySWQiOiI2Nzk1OTc1MjM2MjIiLCJtZWFzdXJlbWVudElkIjoiRy1LRTI5QllYSFhIIiwicHJvamVjdE51bWJlciI6IjY3OTU5NzUyMzYyMiIsInZlcnNpb24iOiIyIn0sIl9hdXRoVG9rZW5TeW5jVVJMIjoiL19fc2Vzc2lvbiJ9; SameSite=Strict; Expires=2028-03-19T12:16:29.979Z; Path=/;"
            }
          ]
        }
      ],
      "cleanUrls": true,
      "trailingSlash": false,
      "public": ".firebase/quranan-qu/hosting",
      "webFramework": "next_ssr"
    }
  ],
  "functions": [
    {
      "source": ".firebase/quranan-qu/functions",
      "codebase": "firebase-frameworks-quranan-qu"
    }
  ]
}
[debug] [2026-04-25T01:36:29.980Z] > command requires scopes: ["email","openid","https://www.googleapis.com/auth/cloudplatformprojects.readonly","https://www.googleapis.com/auth/firebase","https://www.googleapis.com/auth/cloud-platform"]
[debug] [2026-04-25T01:36:29.980Z] > authorizing via signed-in user (patrabq.group@gmail.com)
[debug] [2026-04-25T01:36:29.980Z] [iam] checking project quranan-qu for permissions ["cloudfunctions.functions.create","cloudfunctions.functions.delete","cloudfunctions.functions.get","cloudfunctions.functions.list","cloudfunctions.functions.update","cloudfunctions.operations.get","firebase.projects.get"]
[debug] [2026-04-25T01:36:29.980Z] Checked if tokens are valid: true, expires at: 1777083209979
[debug] [2026-04-25T01:36:29.980Z] Checked if tokens are valid: true, expires at: 1777083209979
[debug] [2026-04-25T01:36:29.980Z] >>> [apiv2][query] POST https://cloudresourcemanager.googleapis.com/v1/projects/quranan-qu:testIamPermissions [none]
[debug] [2026-04-25T01:36:29.980Z] >>> [apiv2][(partial)header] POST https://cloudresourcemanager.googleapis.com/v1/projects/quranan-qu:testIamPermissions x-goog-quota-user=projects/quranan-qu
[debug] [2026-04-25T01:36:29.980Z] >>> [apiv2][body] POST https://cloudresourcemanager.googleapis.com/v1/projects/quranan-qu:testIamPermissions {"permissions":["cloudfunctions.functions.create","cloudfunctions.functions.delete","cloudfunctions.functions.get","cloudfunctions.functions.list","cloudfunctions.functions.update","cloudfunctions.operations.get","firebase.projects.get"]}
[debug] [2026-04-25T01:36:30.498Z] <<< [apiv2][status] POST https://cloudresourcemanager.googleapis.com/v1/projects/quranan-qu:testIamPermissions 200
[debug] [2026-04-25T01:36:30.498Z] <<< [apiv2][body] POST https://cloudresourcemanager.googleapis.com/v1/projects/quranan-qu:testIamPermissions {"permissions":["cloudfunctions.functions.create","cloudfunctions.functions.delete","cloudfunctions.functions.get","cloudfunctions.functions.list","cloudfunctions.functions.update","cloudfunctions.operations.get","firebase.projects.get"]}
[debug] [2026-04-25T01:36:30.499Z] Checked if tokens are valid: true, expires at: 1777083209979
[debug] [2026-04-25T01:36:30.499Z] Checked if tokens are valid: true, expires at: 1777083209979
[debug] [2026-04-25T01:36:30.499Z] >>> [apiv2][query] GET https://cloudfunctions.googleapis.com/v1/projects/quranan-qu/locations/-/functions [none]
[debug] [2026-04-25T01:36:31.359Z] <<< [apiv2][status] GET https://cloudfunctions.googleapis.com/v1/projects/quranan-qu/locations/-/functions 200
[debug] [2026-04-25T01:36:31.359Z] <<< [apiv2][body] GET https://cloudfunctions.googleapis.com/v1/projects/quranan-qu/locations/-/functions {}
[debug] [2026-04-25T01:36:31.359Z] Checked if tokens are valid: true, expires at: 1777083209979
[debug] [2026-04-25T01:36:31.359Z] Checked if tokens are valid: true, expires at: 1777083209979
[debug] [2026-04-25T01:36:31.359Z] >>> [apiv2][query] GET https://cloudfunctions.googleapis.com/v2/projects/quranan-qu/locations/-/functions filter=environment%3D%22GEN_2%22
[debug] [2026-04-25T01:36:33.098Z] <<< [apiv2][status] GET https://cloudfunctions.googleapis.com/v2/projects/quranan-qu/locations/-/functions 200
[debug] [2026-04-25T01:36:33.099Z] <<< [apiv2][body] GET https://cloudfunctions.googleapis.com/v2/projects/quranan-qu/locations/-/functions {"functions":[{"name":"projects/quranan-qu/locations/us-central1/functions/ssrqurananqu","buildConfig":{"build":"projects/679597523622/locations/us-central1/builds/582a5aeb-7cf7-4df0-be75-a2fc7be4d516","runtime":"nodejs20","entryPoint":"ssrqurananqu","source":{"storageSource":{"bucket":"gcf-v2-sources-679597523622-us-central1","object":"ssrqurananqu/function-source.zip","generation":"1777080287305918"}},"environmentVariables":{"GOOGLE_NODE_RUN_SCRIPTS":""},"dockerRepository":"projects/quranan-qu/locations/us-central1/repositories/gcf-artifacts","sourceProvenance":{"resolvedStorageSource":{"bucket":"gcf-v2-sources-679597523622-us-central1","object":"ssrqurananqu/function-source.zip","generation":"1777080287305918"}},"dockerRegistry":"ARTIFACT_REGISTRY","serviceAccount":"projects/quranan-qu/serviceAccounts/679597523622-compute@developer.gserviceaccount.com","automaticUpdatePolicy":{}},"serviceConfig":{"service":"projects/quranan-qu/locations/us-central1/services/ssrqurananqu","timeoutSeconds":60,"environmentVariables":{"VERCEL_URL":"quranan-qu.web.app","__FIREBASE_FRAMEWORKS_ENTRY__":"next.js","__FIREBASE_DEFAULTS__":"{\"config\":{\"projectId\":\"quranan-qu\",\"appId\":\"1:679597523622:web:ff746071a704501355aa67\",\"storageBucket\":\"quranan-qu.firebasestorage.app\",\"apiKey\":\"AIzaSyDb25hksl_CYu-34bFK6xduDnVuS9kXOMA\",\"authDomain\":\"quranan-qu.firebaseapp.com\",\"messagingSenderId\":\"679597523622\",\"measurementId\":\"G-KE29BYXHXH\",\"projectNumber\":\"679597523622\",\"version\":\"2\"},\"_authTokenSyncURL\":\"/__session\"}","FIREBASE_CONFIG":"{\"projectId\":\"quranan-qu\",\"storageBucket\":\"quranan-qu.firebasestorage.app\"}","GCLOUD_PROJECT":"quranan-qu","EVENTARC_CLOUD_EVENT_SOURCE":"projects/quranan-qu/locations/us-central1/services/ssrqurananqu","FUNCTION_TARGET":"ssrqurananqu","LOG_EXECUTION_ID":"true"},"maxInstanceCount":20,"ingressSettings":"ALLOW_ALL","uri":"https://ssrqurananqu-5bzev6qxja-uc.a.run.app","serviceAccountEmail":"679597523622-compute@developer.gserviceaccount.com","availableMemory":"256Mi","allTrafficOnLatestRevision":true,"revision":"ssrqurananqu-00043-wut","maxInstanceRequestConcurrency":80,"availableCpu":"1"},"state":"ACTIVE","updateTime":"2026-04-25T01:29:21.133596771Z","labels":{"firebase-functions-codebase":"firebase-frameworks-quranan-qu","firebase-functions-hash":"68b3f441b1eab492a8391b18a1fc21f808fbddbb","deployment-tool":"cli-firebase"},"environment":"GEN_2","url":"https://us-central1-quranan-qu.cloudfunctions.net/ssrqurananqu","createTime":"2026-04-23T11:49:04.315922340Z","satisfiesPzi":true}]}
[info] i  hosting: The following function(s) are pinned to site quranan-qu and will be deployed as well: ssrqurananqu 
[info] 
[info] === Deploying to 'quranan-qu'...
[info] 
[info] i  deploying functions, hosting 
[debug] [2026-04-25T01:36:33.101Z] Checked if tokens are valid: true, expires at: 1777083209979
[debug] [2026-04-25T01:36:33.101Z] Checked if tokens are valid: true, expires at: 1777083209979
[debug] [2026-04-25T01:36:33.101Z] >>> [apiv2][query] GET https://cloudresourcemanager.googleapis.com/v1/projects/quranan-qu [none]
[debug] [2026-04-25T01:36:33.424Z] <<< [apiv2][status] GET https://cloudresourcemanager.googleapis.com/v1/projects/quranan-qu 200
[debug] [2026-04-25T01:36:33.425Z] <<< [apiv2][body] GET https://cloudresourcemanager.googleapis.com/v1/projects/quranan-qu {"projectNumber":"679597523622","projectId":"quranan-qu","lifecycleState":"ACTIVE","name":"quranan-qu","labels":{"firebase":"enabled","firebase-core":"disabled"},"createTime":"2026-04-23T11:29:23.094Z"}
[info] i  functions: preparing codebase firebase-frameworks-quranan-qu for deployment 
[info] i  functions: ensuring required API cloudfunctions.googleapis.com is enabled... 
[info] i  functions: ensuring required API cloudbuild.googleapis.com is enabled... 
[info] i  artifactregistry: ensuring required API artifactregistry.googleapis.com is enabled... 
[debug] [2026-04-25T01:36:33.426Z] Checked if tokens are valid: true, expires at: 1777083209979
[debug] [2026-04-25T01:36:33.426Z] Checked if tokens are valid: true, expires at: 1777083209979
[debug] [2026-04-25T01:36:33.426Z] >>> [apiv2][query] GET https://firebase.googleapis.com/v1beta1/projects/quranan-qu/adminSdkConfig [none]
[debug] [2026-04-25T01:36:34.209Z] <<< [apiv2][status] GET https://firebase.googleapis.com/v1beta1/projects/quranan-qu/adminSdkConfig 200
[debug] [2026-04-25T01:36:34.209Z] <<< [apiv2][body] GET https://firebase.googleapis.com/v1beta1/projects/quranan-qu/adminSdkConfig {"projectId":"quranan-qu","storageBucket":"quranan-qu.firebasestorage.app"}
[debug] [2026-04-25T01:36:34.210Z] Checked if tokens are valid: true, expires at: 1777083209979
[debug] [2026-04-25T01:36:34.210Z] Checked if tokens are valid: true, expires at: 1777083209979
[debug] [2026-04-25T01:36:34.210Z] >>> [apiv2][query] GET https://runtimeconfig.googleapis.com/v1beta1/projects/quranan-qu/configs [none]
[debug] [2026-04-25T01:36:35.506Z] <<< [apiv2][status] GET https://runtimeconfig.googleapis.com/v1beta1/projects/quranan-qu/configs 200
[debug] [2026-04-25T01:36:35.507Z] <<< [apiv2][body] GET https://runtimeconfig.googleapis.com/v1beta1/projects/quranan-qu/configs {}
[debug] [2026-04-25T01:36:35.508Z] Validating nodejs source
[warn] ⚠  functions: Runtime Node.js 20 will be deprecated on 2026-04-30 and will be decommissioned on 2026-10-30, after which you will not be able to deploy without upgrading. Consider upgrading now to avoid disruption. See https://cloud.google.com/functions/docs/runtime-support for full details on the lifecycle policy 
[warn] ⚠  functions: package.json indicates an outdated version of firebase-functions. Please upgrade using npm install --save firebase-functions@latest in your functions directory. 
[warn] ⚠  functions: Please note that there will be breaking changes when you upgrade. 
[debug] [2026-04-25T01:36:36.046Z] > [functions] package.json contents: {
  "name": "quranan",
  "version": "0.1.0",
  "private": true,
  "dependencies": {
    "firebase": "^12.12.1",
    "idb": "^8.0.3",
    "lucide-react": "^1.9.0",
    "next": "16.2.4",
    "react": "19.2.4",
    "react-dom": "19.2.4",
    "zustand": "^5.0.12",
    "sharp": "^0.32 || ^0.33",
    "firebase-frameworks": "^0.11.0",
    "firebase-functions": "^6.0.1",
    "firebase-admin": "^11.11.1"
  },
  "main": "server.js",
  "engines": {
    "node": "20"
  }
}
[debug] [2026-04-25T01:36:36.046Z] Building nodejs source
[info] i  functions: Loading and analyzing source code for codebase firebase-frameworks-quranan-qu to determine what to deploy 
[debug] [2026-04-25T01:36:36.046Z] Could not find functions.yaml. Must use http discovery
[debug] [2026-04-25T01:36:36.049Z] Found firebase-functions binary at '/home/server/project/Qur-anan/.firebase/quranan-qu/functions/node_modules/.bin/firebase-functions'
[info] Serving at port 8754

[debug] [2026-04-25T01:36:36.195Z] Got response from /__/functions.yaml {"endpoints":{"ssrqurananqu":{"availableMemoryMb":null,"timeoutSeconds":null,"minInstances":null,"maxInstances":null,"ingressSettings":null,"concurrency":null,"serviceAccountEmail":null,"vpc":null,"platform":"gcfv2","region":["us-central1"],"labels":{},"httpsTrigger":{},"entryPoint":"ssrqurananqu"}},"specVersion":"v1alpha1","requiredAPIs":[],"extensions":{}}
[info] i  extensions: ensuring required API firebaseextensions.googleapis.com is enabled... 
[debug] [2026-04-25T01:36:40.215Z] > command requires scopes: ["email","openid","https://www.googleapis.com/auth/cloudplatformprojects.readonly","https://www.googleapis.com/auth/firebase","https://www.googleapis.com/auth/cloud-platform"]
[debug] [2026-04-25T01:36:40.215Z] > authorizing via signed-in user (patrabq.group@gmail.com)
[debug] [2026-04-25T01:36:40.215Z] [iam] checking project quranan-qu for permissions ["firebase.projects.get","firebaseextensions.instances.list"]
[debug] [2026-04-25T01:36:40.215Z] Checked if tokens are valid: true, expires at: 1777083209979
[debug] [2026-04-25T01:36:40.215Z] Checked if tokens are valid: true, expires at: 1777083209979
[debug] [2026-04-25T01:36:40.215Z] >>> [apiv2][query] POST https://cloudresourcemanager.googleapis.com/v1/projects/quranan-qu:testIamPermissions [none]
[debug] [2026-04-25T01:36:40.215Z] >>> [apiv2][(partial)header] POST https://cloudresourcemanager.googleapis.com/v1/projects/quranan-qu:testIamPermissions x-goog-quota-user=projects/quranan-qu
[debug] [2026-04-25T01:36:40.215Z] >>> [apiv2][body] POST https://cloudresourcemanager.googleapis.com/v1/projects/quranan-qu:testIamPermissions {"permissions":["firebase.projects.get","firebaseextensions.instances.list"]}
[debug] [2026-04-25T01:36:40.568Z] <<< [apiv2][status] POST https://cloudresourcemanager.googleapis.com/v1/projects/quranan-qu:testIamPermissions 200
[debug] [2026-04-25T01:36:40.568Z] <<< [apiv2][body] POST https://cloudresourcemanager.googleapis.com/v1/projects/quranan-qu:testIamPermissions {"permissions":["firebase.projects.get","firebaseextensions.instances.list"]}
[debug] [2026-04-25T01:36:40.568Z] Checked if tokens are valid: true, expires at: 1777083209979
[debug] [2026-04-25T01:36:40.568Z] Checked if tokens are valid: true, expires at: 1777083209979
[debug] [2026-04-25T01:36:40.568Z] >>> [apiv2][query] GET https://firebaseextensions.googleapis.com/v1beta/projects/quranan-qu/instances pageSize=100&pageToken=
[debug] [2026-04-25T01:36:41.862Z] <<< [apiv2][status] GET https://firebaseextensions.googleapis.com/v1beta/projects/quranan-qu/instances 200
[debug] [2026-04-25T01:36:41.862Z] <<< [apiv2][body] GET https://firebaseextensions.googleapis.com/v1beta/projects/quranan-qu/instances {}
[info] i  functions: Loaded environment variables from .env. 
[info] i  functions: preparing .firebase/quranan-qu/functions directory for uploading... 
